[0;32m[2026-03-20 00:11:33][0m Starting deployment in: /home/parallels/Desktop/teamwork
[0;32m[2026-03-20 00:11:33][0m OnlyOffice: true | Production: true | Docker: false
[0;32m[2026-03-20 00:11:33][0m Step 1: Checking system requirements...
[1;33m[WARNING][0m pip3 not found, will try to install.
[0;32m[2026-03-20 00:11:33][0m System requirements check passed.
[0;32m[2026-03-20 00:11:33][0m Step 2: Installing system dependencies...
[0;32m[2026-03-20 00:11:55][0m System dependencies installed.
[0;32m[2026-03-20 00:11:55][0m Step 3: Setting up Python virtual environment...
[0;32m[2026-03-20 00:11:55][0m Virtual environment already exists, recreating...
[0;32m[2026-03-20 00:11:57][0m Virtual environment created and activated.
[0;32m[2026-03-20 00:11:57][0m Step 4: Installing Python dependencies...
[0;32m[2026-03-20 00:13:29][0m Python dependencies installed.
[0;32m[2026-03-20 00:13:29][0m Step 5: Creating upload directories...
[0;32m[2026-03-20 00:13:29][0m Upload directories created.
[0;32m[2026-03-20 00:13:29][0m Step 6: Configuring environment...
[0;32m[2026-03-20 00:13:29][0m Environment file created: /home/parallels/Desktop/teamwork/.env
[0;32m[2026-03-20 00:13:29][0m Step 7: Initializing database...
[0;32m[2026-03-20 00:13:29][0m Running database migrations (content)...
[0;32m[2026-03-20 00:13:29][0m Running database migrations (columns/unread)...
[0;32m[2026-03-20 00:13:30][0m Database initialized.
[0;32m[2026-03-20 00:13:30][0m Step 8: Setting up OnlyOffice Document Server...
[0;32m[2026-03-20 00:13:30][0m Installing Docker...
[1;33m[WARNING][0m Docker installed. You may need to log out and back in for group changes to take effect.
[0;32m[2026-03-20 00:14:07][0m Starting OnlyOffice Document Server...
